// Snapshot v1

exports[`Static Declarative Shadow DOM (DSD) > should render DSD of 'nested' correctly 1`] = `
"<my-list class="hydrated" s-id="X"
  ><template shadowrootmode="open">
    <ul c-id="X.0.0.0">
      <slot c-id="X.1.1.0"></slot></ul></template
  ><my-list-item class="hydrated" s-id="X"
    ><template shadowrootmode="open">
      <li c-id="X.0.0.0">
        <slot c-id="X.1.1.0"></slot></li></template
    >Item 1</my-list-item
  ><my-list-item class="hydrated" s-id="X"
    ><template shadowrootmode="open">
      <li c-id="X.0.0.0">
        <slot c-id="X.1.1.0"></slot></li></template
    >Item 2</my-list-item
  ><my-list-item class="hydrated" s-id="X"
    ><template shadowrootmode="open">
      <li c-id="X.0.0.0">
        <slot c-id="X.1.1.0"></slot></li></template
    >Item 3</my-list-item
  ></my-list
>
"
`;

exports[`Static Declarative Shadow DOM (DSD) > should render DSD of 'nested-with-react' correctly 1`] = `
"<my-list class="hydrated" s-id="X"
  ><template shadowrootmode="open">
    <ul c-id="X.0.0.0">
      <slot c-id="X.1.1.0"></slot></ul></template
  ><my-list-item class="hydrated" s-id="X"
    ><template shadowrootmode="open">
      <li c-id="X.0.0.0">
        <slot c-id="X.1.1.0"></slot></li
    ></template>
    <div
      style="
        padding: 1rem;
        border: 1px solid black;
        border-radius: 0.5rem;
        margin: 1rem;
      "
    >
      <p style="margin-bottom: 0.5rem">Pure React Component</p>
      <button
        style="border: 1px solid black; padding: 0.5rem; border-radius: 0.5rem"
      >
        Click me (Clicked:
        <!-- -->0<!-- -->)
      </button>
    </div></my-list-item
  ></my-list
>
"
`;

exports[`Static Declarative Shadow DOM (DSD) > should render DSD of 'simple' correctly 1`] = `
"<my-button
  class="button button-solid hydrated my-activatable my-focusable"
  href="#"
  s-id="X"
  ><template shadowrootmode="open">
    <a c-id="X.0.0.0" class="button-native" href="#">
      <span c-id="X.1.1.0" class="button-inner">
        <slot c-id="X.2.2.0" name="icon-only"></slot>
        <slot c-id="X.3.2.1" name="start"></slot>
        <slot c-id="X.4.2.2"></slot>
        <slot c-id="X.5.2.3" name="end"></slot>
      </span> </a></template
  >Test</my-button
>
"
`;
